// Jest Snapshot v1, https://goo.gl/fbAQLP

exports[`Test query should query api 1`] = `
"Object {
  \\"countries\\": Array [
    Object {
      \\"countryType\\": \\"recipient\\",
      \\"hasPDF\\": true,
      \\"has_domestic_data\\": \\"1\\",
      \\"id\\": \\"AF\\",
      \\"name\\": \\"Afghanistan\\",
      \\"slug\\": \\"afghanistan\\",
    },
    Object {
      \\"countryType\\": \\"recipient\\",
      \\"hasPDF\\": true,
      \\"has_domestic_data\\": \\"1\\",
      \\"id\\": \\"AL\\",
      \\"name\\": \\"Albania\\",
      \\"slug\\": \\"albania\\",
    },
    Object {
      \\"countryType\\": \\"recipient\\",
      \\"hasPDF\\": true,
      \\"has_domestic_data\\": \\"1\\",
      \\"id\\": \\"DZ\\",
      \\"name\\": \\"Algeria\\",
      \\"slug\\": \\"algeria\\",
    },
    Object {
      \\"countryType\\": \\"\\",
      \\"hasPDF\\": true,
      \\"has_domestic_data\\": \\"\\",
      \\"id\\": \\"AD\\",
      \\"name\\": \\"Andorra\\",
      \\"slug\\": \\"andorra\\",
    },
    Object {
      \\"countryType\\": \\"recipient\\",
      \\"hasPDF\\": true,
      \\"has_domestic_data\\": \\"1\\",
      \\"id\\": \\"AO\\",
      \\"name\\": \\"Angola\\",
      \\"slug\\": \\"angola\\",
    },
    Object {
      \\"countryType\\": \\"recipient\\",
      \\"hasPDF\\": true,
      \\"has_domestic_data\\": \\"\\",
      \\"id\\": \\"AI\\",
      \\"name\\": \\"Anguilla\\",
      \\"slug\\": \\"anguilla\\",
    },
    Object {
      \\"countryType\\": \\"recipient\\",
      \\"hasPDF\\": true,
      \\"has_domestic_data\\": \\"1\\",
      \\"id\\": \\"AG\\",
      \\"name\\": \\"Antigua & Barbuda\\",
      \\"slug\\": \\"antigua-and-barbuda\\",
    },
    Object {
      \\"countryType\\": \\"recipient\\",
      \\"hasPDF\\": true,
      \\"has_domestic_data\\": \\"\\",
      \\"id\\": \\"AR\\",
      \\"name\\": \\"Argentina\\",
      \\"slug\\": \\"argentina\\",
    },
    Object {
      \\"countryType\\": \\"recipient\\",
      \\"hasPDF\\": true,
      \\"has_domestic_data\\": \\"1\\",
      \\"id\\": \\"AM\\",
      \\"name\\": \\"Armenia\\",
      \\"slug\\": \\"armenia\\",
    },
    Object {
      \\"countryType\\": \\"donor\\",
      \\"hasPDF\\": true,
      \\"has_domestic_data\\": \\"\\",
      \\"id\\": \\"AU\\",
      \\"name\\": \\"Australia\\",
      \\"slug\\": \\"australia\\",
    },
    Object {
      \\"countryType\\": \\"donor\\",
      \\"hasPDF\\": true,
      \\"has_domestic_data\\": \\"\\",
      \\"id\\": \\"AT\\",
      \\"name\\": \\"Austria\\",
      \\"slug\\": \\"austria\\",
    },
    Object {
      \\"countryType\\": \\"recipient\\",
      \\"hasPDF\\": true,
      \\"has_domestic_data\\": \\"1\\",
      \\"id\\": \\"AZ\\",
      \\"name\\": \\"Azerbaijan\\",
      \\"slug\\": \\"azerbaijan\\",
    },
    Object {
      \\"countryType\\": \\"recipient\\",
      \\"hasPDF\\": true,
      \\"has_domestic_data\\": \\"\\",
      \\"id\\": \\"BH\\",
      \\"name\\": \\"Bahrain\\",
      \\"slug\\": \\"bahrain\\",
    },
    Object {
      \\"countryType\\": \\"recipient\\",
      \\"hasPDF\\": true,
      \\"has_domestic_data\\": \\"1\\",
      \\"id\\": \\"BD\\",
      \\"name\\": \\"Bangladesh\\",
      \\"slug\\": \\"bangladesh\\",
    },
    Object {
      \\"countryType\\": \\"recipient\\",
      \\"hasPDF\\": true,
      \\"has_domestic_data\\": \\"\\",
      \\"id\\": \\"BB\\",
      \\"name\\": \\"Barbados\\",
      \\"slug\\": \\"barbados\\",
    },
    Object {
      \\"countryType\\": \\"recipient\\",
      \\"hasPDF\\": true,
      \\"has_domestic_data\\": \\"1\\",
      \\"id\\": \\"BY\\",
      \\"name\\": \\"Belarus\\",
      \\"slug\\": \\"belarus\\",
    },
    Object {
      \\"countryType\\": \\"donor\\",
      \\"hasPDF\\": true,
      \\"has_domestic_data\\": \\"\\",
      \\"id\\": \\"BE\\",
      \\"name\\": \\"Belgium\\",
      \\"slug\\": \\"belgium\\",
    },
    Object {
      \\"countryType\\": \\"recipient\\",
      \\"hasPDF\\": true,
      \\"has_domestic_data\\": \\"1\\",
      \\"id\\": \\"BZ\\",
      \\"name\\": \\"Belize\\",
      \\"slug\\": \\"belize\\",
    },
    Object {
      \\"countryType\\": \\"recipient\\",
      \\"hasPDF\\": true,
      \\"has_domestic_data\\": \\"1\\",
      \\"id\\": \\"BJ\\",
      \\"name\\": \\"Benin\\",
      \\"slug\\": \\"benin\\",
    },
    Object {
      \\"countryType\\": \\"recipient\\",
      \\"hasPDF\\": true,
      \\"has_domestic_data\\": \\"1\\",
      \\"id\\": \\"BT\\",
      \\"name\\": \\"Bhutan\\",
      \\"slug\\": \\"bhutan\\",
    },
    Object {
      \\"countryType\\": \\"recipient\\",
      \\"hasPDF\\": true,
      \\"has_domestic_data\\": \\"1\\",
      \\"id\\": \\"BO\\",
      \\"name\\": \\"Bolivia\\",
      \\"slug\\": \\"bolivia\\",
    },
    Object {
      \\"countryType\\": \\"recipient\\",
      \\"hasPDF\\": true,
      \\"has_domestic_data\\": \\"1\\",
      \\"id\\": \\"BA\\",
      \\"name\\": \\"Bosnia & Herzegovina\\",
      \\"slug\\": \\"bosnia-and-herzegovina\\",
    },
    Object {
      \\"countryType\\": \\"recipient\\",
      \\"hasPDF\\": true,
      \\"has_domestic_data\\": \\"1\\",
      \\"id\\": \\"BW\\",
      \\"name\\": \\"Botswana\\",
      \\"slug\\": \\"botswana\\",
    },
    Object {
      \\"countryType\\": \\"recipient\\",
      \\"hasPDF\\": true,
      \\"has_domestic_data\\": \\"1\\",
      \\"id\\": \\"BR\\",
      \\"name\\": \\"Brazil\\",
      \\"slug\\": \\"brazil\\",
    },
    Object {
      \\"countryType\\": \\"donor\\",
      \\"hasPDF\\": false,
      \\"has_domestic_data\\": \\"\\",
      \\"id\\": \\"BG\\",
      \\"name\\": \\"Bulgaria\\",
      \\"slug\\": \\"bulgaria\\",
    },
    Object {
      \\"countryType\\": \\"recipient\\",
      \\"hasPDF\\": true,
      \\"has_domestic_data\\": \\"1\\",
      \\"id\\": \\"BF\\",
      \\"name\\": \\"Burkina Faso\\",
      \\"slug\\": \\"burkina-faso\\",
    },
    Object {
      \\"countryType\\": \\"recipient\\",
      \\"hasPDF\\": true,
      \\"has_domestic_data\\": \\"1\\",
      \\"id\\": \\"BI\\",
      \\"name\\": \\"Burundi\\",
      \\"slug\\": \\"burundi\\",
    },
    Object {
      \\"countryType\\": \\"recipient\\",
      \\"hasPDF\\": true,
      \\"has_domestic_data\\": \\"1\\",
      \\"id\\": \\"KH\\",
      \\"name\\": \\"Cambodia\\",
      \\"slug\\": \\"cambodia\\",
    },
    Object {
      \\"countryType\\": \\"recipient\\",
      \\"hasPDF\\": true,
      \\"has_domestic_data\\": \\"1\\",
      \\"id\\": \\"CM\\",
      \\"name\\": \\"Cameroon\\",
      \\"slug\\": \\"cameroon\\",
    },
    Object {
      \\"countryType\\": \\"donor\\",
      \\"hasPDF\\": true,
      \\"has_domestic_data\\": \\"\\",
      \\"id\\": \\"CA\\",
      \\"name\\": \\"Canada\\",
      \\"slug\\": \\"canada\\",
    },
    Object {
      \\"countryType\\": \\"recipient\\",
      \\"hasPDF\\": true,
      \\"has_domestic_data\\": \\"1\\",
      \\"id\\": \\"CV\\",
      \\"name\\": \\"Cape Verde\\",
      \\"slug\\": \\"cape-verde\\",
    },
    Object {
      \\"countryType\\": \\"recipient\\",
      \\"hasPDF\\": true,
      \\"has_domestic_data\\": \\"1\\",
      \\"id\\": \\"CF\\",
      \\"name\\": \\"CAR\\",
      \\"slug\\": \\"car\\",
    },
    Object {
      \\"countryType\\": \\"recipient\\",
      \\"hasPDF\\": true,
      \\"has_domestic_data\\": \\"1\\",
      \\"id\\": \\"TD\\",
      \\"name\\": \\"Chad\\",
      \\"slug\\": \\"chad\\",
    },
    Object {
      \\"countryType\\": \\"recipient\\",
      \\"hasPDF\\": true,
      \\"has_domestic_data\\": \\"1\\",
      \\"id\\": \\"CL\\",
      \\"name\\": \\"Chile\\",
      \\"slug\\": \\"chile\\",
    },
    Object {
      \\"countryType\\": \\"recipient\\",
      \\"hasPDF\\": true,
      \\"has_domestic_data\\": \\"1\\",
      \\"id\\": \\"CN\\",
      \\"name\\": \\"China\\",
      \\"slug\\": \\"china\\",
    },
    Object {
      \\"countryType\\": \\"recipient\\",
      \\"hasPDF\\": true,
      \\"has_domestic_data\\": \\"1\\",
      \\"id\\": \\"CO\\",
      \\"name\\": \\"Colombia\\",
      \\"slug\\": \\"colombia\\",
    },
    Object {
      \\"countryType\\": \\"recipient\\",
      \\"hasPDF\\": true,
      \\"has_domestic_data\\": \\"1\\",
      \\"id\\": \\"KM\\",
      \\"name\\": \\"Comoros\\",
      \\"slug\\": \\"comoros\\",
    },
    Object {
      \\"countryType\\": \\"recipient\\",
      \\"hasPDF\\": true,
      \\"has_domestic_data\\": \\"1\\",
      \\"id\\": \\"CG\\",
      \\"name\\": \\"Congo\\",
      \\"slug\\": \\"congo\\",
    },
    Object {
      \\"countryType\\": \\"recipient\\",
      \\"hasPDF\\": true,
      \\"has_domestic_data\\": \\"1\\",
      \\"id\\": \\"CD\\",
      \\"name\\": \\"DRC\\",
      \\"slug\\": \\"drc\\",
    },
    Object {
      \\"countryType\\": \\"recipient\\",
      \\"hasPDF\\": true,
      \\"has_domestic_data\\": \\"\\",
      \\"id\\": \\"CK\\",
      \\"name\\": \\"Cook Islands\\",
      \\"slug\\": \\"cook-islands\\",
    },
    Object {
      \\"countryType\\": \\"recipient\\",
      \\"hasPDF\\": true,
      \\"has_domestic_data\\": \\"1\\",
      \\"id\\": \\"CR\\",
      \\"name\\": \\"Costa Rica\\",
      \\"slug\\": \\"costa-rica\\",
    },
    Object {
      \\"countryType\\": \\"recipient\\",
      \\"hasPDF\\": true,
      \\"has_domestic_data\\": \\"1\\",
      \\"id\\": \\"CI\\",
      \\"name\\": \\"Côte d'Ivoire\\",
      \\"slug\\": \\"cote-divoire\\",
    },
    Object {
      \\"countryType\\": \\"donor\\",
      \\"hasPDF\\": false,
      \\"has_domestic_data\\": \\"\\",
      \\"id\\": \\"HR\\",
      \\"name\\": \\"Croatia\\",
      \\"slug\\": \\"croatia\\",
    },
    Object {
      \\"countryType\\": \\"recipient\\",
      \\"hasPDF\\": true,
      \\"has_domestic_data\\": \\"\\",
      \\"id\\": \\"CU\\",
      \\"name\\": \\"Cuba\\",
      \\"slug\\": \\"cuba\\",
    },
    Object {
      \\"countryType\\": \\"donor\\",
      \\"hasPDF\\": false,
      \\"has_domestic_data\\": \\"\\",
      \\"id\\": \\"CY\\",
      \\"name\\": \\"Cyprus\\",
      \\"slug\\": \\"cyprus\\",
    },
    Object {
      \\"countryType\\": \\"donor\\",
      \\"hasPDF\\": true,
      \\"has_domestic_data\\": \\"\\",
      \\"id\\": \\"CZ\\",
      \\"name\\": \\"Czech Republic\\",
      \\"slug\\": \\"czech-republic\\",
    },
    Object {
      \\"countryType\\": \\"donor\\",
      \\"hasPDF\\": true,
      \\"has_domestic_data\\": \\"\\",
      \\"id\\": \\"DK\\",
      \\"name\\": \\"Denmark\\",
      \\"slug\\": \\"denmark\\",
    },
    Object {
      \\"countryType\\": \\"recipient\\",
      \\"hasPDF\\": true,
      \\"has_domestic_data\\": \\"1\\",
      \\"id\\": \\"DJ\\",
      \\"name\\": \\"Djibouti\\",
      \\"slug\\": \\"djibouti\\",
    },
    Object {
      \\"countryType\\": \\"recipient\\",
      \\"hasPDF\\": true,
      \\"has_domestic_data\\": \\"1\\",
      \\"id\\": \\"DM\\",
      \\"name\\": \\"Dominica\\",
      \\"slug\\": \\"dominica\\",
    },
    Object {
      \\"countryType\\": \\"recipient\\",
      \\"hasPDF\\": true,
      \\"has_domestic_data\\": \\"1\\",
      \\"id\\": \\"DO\\",
      \\"name\\": \\"Dominican Republic\\",
      \\"slug\\": \\"dominican-republic\\",
    },
    Object {
      \\"countryType\\": \\"recipient\\",
      \\"hasPDF\\": true,
      \\"has_domestic_data\\": \\"1\\",
      \\"id\\": \\"EC\\",
      \\"name\\": \\"Ecuador\\",
      \\"slug\\": \\"ecuador\\",
    },
    Object {
      \\"countryType\\": \\"recipient\\",
      \\"hasPDF\\": true,
      \\"has_domestic_data\\": \\"1\\",
      \\"id\\": \\"EG\\",
      \\"name\\": \\"Egypt\\",
      \\"slug\\": \\"egypt\\",
    },
    Object {
      \\"countryType\\": \\"recipient\\",
      \\"hasPDF\\": true,
      \\"has_domestic_data\\": \\"1\\",
      \\"id\\": \\"SV\\",
      \\"name\\": \\"El Salvador\\",
      \\"slug\\": \\"el-salvador\\",
    },
    Object {
      \\"countryType\\": \\"recipient\\",
      \\"hasPDF\\": true,
      \\"has_domestic_data\\": \\"1\\",
      \\"id\\": \\"GQ\\",
      \\"name\\": \\"Equatorial Guinea\\",
      \\"slug\\": \\"equatorial-guinea\\",
    },
    Object {
      \\"countryType\\": \\"recipient\\",
      \\"hasPDF\\": true,
      \\"has_domestic_data\\": \\"\\",
      \\"id\\": \\"ER\\",
      \\"name\\": \\"Eritrea\\",
      \\"slug\\": \\"eritrea\\",
    },
    Object {
      \\"countryType\\": \\"donor\\",
      \\"hasPDF\\": false,
      \\"has_domestic_data\\": \\"\\",
      \\"id\\": \\"EE\\",
      \\"name\\": \\"Estonia\\",
      \\"slug\\": \\"estonia\\",
    },
    Object {
      \\"countryType\\": \\"recipient\\",
      \\"hasPDF\\": true,
      \\"has_domestic_data\\": \\"1\\",
      \\"id\\": \\"ET\\",
      \\"name\\": \\"Ethiopia\\",
      \\"slug\\": \\"ethiopia\\",
    },
    Object {
      \\"countryType\\": \\"recipient\\",
      \\"hasPDF\\": true,
      \\"has_domestic_data\\": \\"1\\",
      \\"id\\": \\"FJ\\",
      \\"name\\": \\"Fiji\\",
      \\"slug\\": \\"fiji\\",
    },
    Object {
      \\"countryType\\": \\"donor\\",
      \\"hasPDF\\": true,
      \\"has_domestic_data\\": \\"\\",
      \\"id\\": \\"FI\\",
      \\"name\\": \\"Finland\\",
      \\"slug\\": \\"finland\\",
    },
    Object {
      \\"countryType\\": \\"donor\\",
      \\"hasPDF\\": true,
      \\"has_domestic_data\\": \\"\\",
      \\"id\\": \\"FR\\",
      \\"name\\": \\"France\\",
      \\"slug\\": \\"france\\",
    },
    Object {
      \\"countryType\\": \\"recipient\\",
      \\"hasPDF\\": true,
      \\"has_domestic_data\\": \\"1\\",
      \\"id\\": \\"GA\\",
      \\"name\\": \\"Gabon\\",
      \\"slug\\": \\"gabon\\",
    },
    Object {
      \\"countryType\\": \\"recipient\\",
      \\"hasPDF\\": true,
      \\"has_domestic_data\\": \\"1\\",
      \\"id\\": \\"GM\\",
      \\"name\\": \\"Gambia\\",
      \\"slug\\": \\"gambia\\",
    },
    Object {
      \\"countryType\\": \\"recipient\\",
      \\"hasPDF\\": true,
      \\"has_domestic_data\\": \\"1\\",
      \\"id\\": \\"GE\\",
      \\"name\\": \\"Georgia\\",
      \\"slug\\": \\"georgia\\",
    },
    Object {
      \\"countryType\\": \\"donor\\",
      \\"hasPDF\\": true,
      \\"has_domestic_data\\": \\"\\",
      \\"id\\": \\"DE\\",
      \\"name\\": \\"Germany\\",
      \\"slug\\": \\"germany\\",
    },
    Object {
      \\"countryType\\": \\"recipient\\",
      \\"hasPDF\\": true,
      \\"has_domestic_data\\": \\"1\\",
      \\"id\\": \\"GH\\",
      \\"name\\": \\"Ghana\\",
      \\"slug\\": \\"ghana\\",
    },
    Object {
      \\"countryType\\": \\"donor\\",
      \\"hasPDF\\": true,
      \\"has_domestic_data\\": \\"\\",
      \\"id\\": \\"GR\\",
      \\"name\\": \\"Greece\\",
      \\"slug\\": \\"greece\\",
    },
    Object {
      \\"countryType\\": \\"recipient\\",
      \\"hasPDF\\": true,
      \\"has_domestic_data\\": \\"1\\",
      \\"id\\": \\"GD\\",
      \\"name\\": \\"Grenada\\",
      \\"slug\\": \\"grenada\\",
    },
    Object {
      \\"countryType\\": \\"recipient\\",
      \\"hasPDF\\": true,
      \\"has_domestic_data\\": \\"1\\",
      \\"id\\": \\"GT\\",
      \\"name\\": \\"Guatemala\\",
      \\"slug\\": \\"guatemala\\",
    },
    Object {
      \\"countryType\\": \\"recipient\\",
      \\"hasPDF\\": true,
      \\"has_domestic_data\\": \\"1\\",
      \\"id\\": \\"GN\\",
      \\"name\\": \\"Guinea\\",
      \\"slug\\": \\"guinea\\",
    },
    Object {
      \\"countryType\\": \\"recipient\\",
      \\"hasPDF\\": true,
      \\"has_domestic_data\\": \\"1\\",
      \\"id\\": \\"GW\\",
      \\"name\\": \\"Guinea-Bissau\\",
      \\"slug\\": \\"guinea-bissau\\",
    },
    Object {
      \\"countryType\\": \\"recipient\\",
      \\"hasPDF\\": true,
      \\"has_domestic_data\\": \\"1\\",
      \\"id\\": \\"GY\\",
      \\"name\\": \\"Guyana\\",
      \\"slug\\": \\"guyana\\",
    },
    Object {
      \\"countryType\\": \\"recipient\\",
      \\"hasPDF\\": true,
      \\"has_domestic_data\\": \\"1\\",
      \\"id\\": \\"HT\\",
      \\"name\\": \\"Haiti\\",
      \\"slug\\": \\"haiti\\",
    },
    Object {
      \\"countryType\\": \\"recipient\\",
      \\"hasPDF\\": true,
      \\"has_domestic_data\\": \\"1\\",
      \\"id\\": \\"HN\\",
      \\"name\\": \\"Honduras\\",
      \\"slug\\": \\"honduras\\",
    },
    Object {
      \\"countryType\\": \\"donor\\",
      \\"hasPDF\\": false,
      \\"has_domestic_data\\": \\"\\",
      \\"id\\": \\"HU\\",
      \\"name\\": \\"Hungary\\",
      \\"slug\\": \\"hungary\\",
    },
    Object {
      \\"countryType\\": \\"donor\\",
      \\"hasPDF\\": true,
      \\"has_domestic_data\\": \\"\\",
      \\"id\\": \\"IS\\",
      \\"name\\": \\"Iceland\\",
      \\"slug\\": \\"iceland\\",
    },
    Object {
      \\"countryType\\": \\"recipient\\",
      \\"hasPDF\\": true,
      \\"has_domestic_data\\": \\"1\\",
      \\"id\\": \\"IN\\",
      \\"name\\": \\"India\\",
      \\"slug\\": \\"india\\",
    },
    Object {
      \\"countryType\\": \\"recipient\\",
      \\"hasPDF\\": true,
      \\"has_domestic_data\\": \\"1\\",
      \\"id\\": \\"ID\\",
      \\"name\\": \\"Indonesia\\",
      \\"slug\\": \\"indonesia\\",
    },
    Object {
      \\"countryType\\": \\"recipient\\",
      \\"hasPDF\\": true,
      \\"has_domestic_data\\": \\"1\\",
      \\"id\\": \\"IR\\",
      \\"name\\": \\"Iran\\",
      \\"slug\\": \\"iran\\",
    },
    Object {
      \\"countryType\\": \\"recipient\\",
      \\"hasPDF\\": true,
      \\"has_domestic_data\\": \\"1\\",
      \\"id\\": \\"IQ\\",
      \\"name\\": \\"Iraq\\",
      \\"slug\\": \\"iraq\\",
    },
    Object {
      \\"countryType\\": \\"donor\\",
      \\"hasPDF\\": true,
      \\"has_domestic_data\\": \\"\\",
      \\"id\\": \\"IE\\",
      \\"name\\": \\"Ireland\\",
      \\"slug\\": \\"ireland\\",
    },
    Object {
      \\"countryType\\": \\"donor\\",
      \\"hasPDF\\": false,
      \\"has_domestic_data\\": \\"\\",
      \\"id\\": \\"IL\\",
      \\"name\\": \\"Israel\\",
      \\"slug\\": \\"israel\\",
    },
    Object {
      \\"countryType\\": \\"donor\\",
      \\"hasPDF\\": true,
      \\"has_domestic_data\\": \\"\\",
      \\"id\\": \\"IT\\",
      \\"name\\": \\"Italy\\",
      \\"slug\\": \\"italy\\",
    },
    Object {
      \\"countryType\\": \\"recipient\\",
      \\"hasPDF\\": true,
      \\"has_domestic_data\\": \\"1\\",
      \\"id\\": \\"JM\\",
      \\"name\\": \\"Jamaica\\",
      \\"slug\\": \\"jamaica\\",
    },
    Object {
      \\"countryType\\": \\"donor\\",
      \\"hasPDF\\": true,
      \\"has_domestic_data\\": \\"\\",
      \\"id\\": \\"JP\\",
      \\"name\\": \\"Japan\\",
      \\"slug\\": \\"japan\\",
    },
    Object {
      \\"countryType\\": \\"recipient\\",
      \\"hasPDF\\": true,
      \\"has_domestic_data\\": \\"1\\",
      \\"id\\": \\"JO\\",
      \\"name\\": \\"Jordan\\",
      \\"slug\\": \\"jordan\\",
    },
    Object {
      \\"countryType\\": \\"crossover\\",
      \\"hasPDF\\": true,
      \\"has_domestic_data\\": \\"1\\",
      \\"id\\": \\"KZ\\",
      \\"name\\": \\"Kazakhstan\\",
      \\"slug\\": \\"kazakhstan\\",
    },
    Object {
      \\"countryType\\": \\"recipient\\",
      \\"hasPDF\\": true,
      \\"has_domestic_data\\": \\"1\\",
      \\"id\\": \\"KE\\",
      \\"name\\": \\"Kenya\\",
      \\"slug\\": \\"kenya\\",
    },
    Object {
      \\"countryType\\": \\"recipient\\",
      \\"hasPDF\\": true,
      \\"has_domestic_data\\": \\"1\\",
      \\"id\\": \\"KI\\",
      \\"name\\": \\"Kiribati\\",
      \\"slug\\": \\"kiribati\\",
    },
    Object {
      \\"countryType\\": \\"recipient\\",
      \\"hasPDF\\": true,
      \\"has_domestic_data\\": \\"\\",
      \\"id\\": \\"KP\\",
      \\"name\\": \\"North Korea\\",
      \\"slug\\": \\"north-korea\\",
    },
    Object {
      \\"countryType\\": \\"donor\\",
      \\"hasPDF\\": true,
      \\"has_domestic_data\\": \\"\\",
      \\"id\\": \\"KR\\",
      \\"name\\": \\"Korea\\",
      \\"slug\\": \\"south-korea\\",
    },
    Object {
      \\"countryType\\": \\"recipient\\",
      \\"hasPDF\\": true,
      \\"has_domestic_data\\": \\"1\\",
      \\"id\\": \\"XK\\",
      \\"name\\": \\"Kosovo\\",
      \\"slug\\": \\"kosovo\\",
    },
    Object {
      \\"countryType\\": \\"donor\\",
      \\"hasPDF\\": false,
      \\"has_domestic_data\\": \\"\\",
      \\"id\\": \\"KW\\",
      \\"name\\": \\"Kuwait\\",
      \\"slug\\": \\"kuwait\\",
    },
    Object {
      \\"countryType\\": \\"recipient\\",
      \\"hasPDF\\": true,
      \\"has_domestic_data\\": \\"1\\",
      \\"id\\": \\"KG\\",
      \\"name\\": \\"Kyrgyzstan\\",
      \\"slug\\": \\"kyrgyzstan\\",
    },
    Object {
      \\"countryType\\": \\"recipient\\",
      \\"hasPDF\\": true,
      \\"has_domestic_data\\": \\"1\\",
      \\"id\\": \\"LA\\",
      \\"name\\": \\"Lao\\",
      \\"slug\\": \\"lao\\",
    },
    Object {
      \\"countryType\\": \\"donor\\",
      \\"hasPDF\\": false,
      \\"has_domestic_data\\": \\"\\",
      \\"id\\": \\"LV\\",
      \\"name\\": \\"Latvia\\",
      \\"slug\\": \\"latvia\\",
    },
    Object {
      \\"countryType\\": \\"recipient\\",
      \\"hasPDF\\": true,
      \\"has_domestic_data\\": \\"1\\",
      \\"id\\": \\"LB\\",
      \\"name\\": \\"Lebanon\\",
      \\"slug\\": \\"lebanon\\",
    },
    Object {
      \\"countryType\\": \\"recipient\\",
      \\"hasPDF\\": true,
      \\"has_domestic_data\\": \\"1\\",
      \\"id\\": \\"LS\\",
      \\"name\\": \\"Lesotho\\",
      \\"slug\\": \\"lesotho\\",
    },
    Object {
      \\"countryType\\": \\"recipient\\",
      \\"hasPDF\\": true,
      \\"has_domestic_data\\": \\"1\\",
      \\"id\\": \\"LR\\",
      \\"name\\": \\"Liberia\\",
      \\"slug\\": \\"liberia\\",
    },
    Object {
      \\"countryType\\": \\"recipient\\",
      \\"hasPDF\\": true,
      \\"has_domestic_data\\": \\"1\\",
      \\"id\\": \\"LY\\",
      \\"name\\": \\"Libya\\",
      \\"slug\\": \\"libya\\",
    },
    Object {
      \\"countryType\\": \\"donor\\",
      \\"hasPDF\\": false,
      \\"has_domestic_data\\": \\"\\",
      \\"id\\": \\"LI\\",
      \\"name\\": \\"Liechtenstein\\",
      \\"slug\\": \\"liechtenstein\\",
    },
    Object {
      \\"countryType\\": \\"donor\\",
      \\"hasPDF\\": false,
      \\"has_domestic_data\\": \\"\\",
      \\"id\\": \\"LT\\",
      \\"name\\": \\"Lithuania\\",
      \\"slug\\": \\"lithuania\\",
    },
    Object {
      \\"countryType\\": \\"donor\\",
      \\"hasPDF\\": true,
      \\"has_domestic_data\\": \\"\\",
      \\"id\\": \\"LU\\",
      \\"name\\": \\"Luxembourg\\",
      \\"slug\\": \\"luxembourg\\",
    },
    Object {
      \\"countryType\\": \\"recipient\\",
      \\"hasPDF\\": true,
      \\"has_domestic_data\\": \\"1\\",
      \\"id\\": \\"MK\\",
      \\"name\\": \\"Macedonia\\",
      \\"slug\\": \\"macedonia\\",
    },
    Object {
      \\"countryType\\": \\"recipient\\",
      \\"hasPDF\\": true,
      \\"has_domestic_data\\": \\"1\\",
      \\"id\\": \\"MG\\",
      \\"name\\": \\"Madagascar\\",
      \\"slug\\": \\"madagascar\\",
    },
    Object {
      \\"countryType\\": \\"recipient\\",
      \\"hasPDF\\": true,
      \\"has_domestic_data\\": \\"1\\",
      \\"id\\": \\"MW\\",
      \\"name\\": \\"Malawi\\",
      \\"slug\\": \\"malawi\\",
    },
    Object {
      \\"countryType\\": \\"recipient\\",
      \\"hasPDF\\": true,
      \\"has_domestic_data\\": \\"1\\",
      \\"id\\": \\"MY\\",
      \\"name\\": \\"Malaysia\\",
      \\"slug\\": \\"malaysia\\",
    },
    Object {
      \\"countryType\\": \\"recipient\\",
      \\"hasPDF\\": true,
      \\"has_domestic_data\\": \\"1\\",
      \\"id\\": \\"MV\\",
      \\"name\\": \\"Maldives\\",
      \\"slug\\": \\"maldives\\",
    },
    Object {
      \\"countryType\\": \\"recipient\\",
      \\"hasPDF\\": true,
      \\"has_domestic_data\\": \\"1\\",
      \\"id\\": \\"ML\\",
      \\"name\\": \\"Mali\\",
      \\"slug\\": \\"mali\\",
    },
    Object {
      \\"countryType\\": \\"donor\\",
      \\"hasPDF\\": false,
      \\"has_domestic_data\\": \\"\\",
      \\"id\\": \\"MT\\",
      \\"name\\": \\"Malta\\",
      \\"slug\\": \\"malta\\",
    },
    Object {
      \\"countryType\\": \\"recipient\\",
      \\"hasPDF\\": true,
      \\"has_domestic_data\\": \\"1\\",
      \\"id\\": \\"MH\\",
      \\"name\\": \\"Marshall Islands\\",
      \\"slug\\": \\"marshall-islands\\",
    },
    Object {
      \\"countryType\\": \\"recipient\\",
      \\"hasPDF\\": true,
      \\"has_domestic_data\\": \\"1\\",
      \\"id\\": \\"MR\\",
      \\"name\\": \\"Mauritania\\",
      \\"slug\\": \\"mauritania\\",
    },
    Object {
      \\"countryType\\": \\"recipient\\",
      \\"hasPDF\\": true,
      \\"has_domestic_data\\": \\"1\\",
      \\"id\\": \\"MU\\",
      \\"name\\": \\"Mauritius\\",
      \\"slug\\": \\"mauritius\\",
    },
    Object {
      \\"countryType\\": \\"recipient\\",
      \\"hasPDF\\": true,
      \\"has_domestic_data\\": \\"\\",
      \\"id\\": \\"YT\\",
      \\"name\\": \\"Mayotte\\",
      \\"slug\\": \\"mayotte\\",
    },
    Object {
      \\"countryType\\": \\"recipient\\",
      \\"hasPDF\\": true,
      \\"has_domestic_data\\": \\"1\\",
      \\"id\\": \\"MX\\",
      \\"name\\": \\"Mexico\\",
      \\"slug\\": \\"mexico\\",
    },
    Object {
      \\"countryType\\": \\"recipient\\",
      \\"hasPDF\\": true,
      \\"has_domestic_data\\": \\"1\\",
      \\"id\\": \\"FM\\",
      \\"name\\": \\"Micronesia\\",
      \\"slug\\": \\"micronesia\\",
    },
    Object {
      \\"countryType\\": \\"recipient\\",
      \\"hasPDF\\": true,
      \\"has_domestic_data\\": \\"1\\",
      \\"id\\": \\"MD\\",
      \\"name\\": \\"Moldova\\",
      \\"slug\\": \\"moldova\\",
    },
    Object {
      \\"countryType\\": \\"recipient\\",
      \\"hasPDF\\": true,
      \\"has_domestic_data\\": \\"1\\",
      \\"id\\": \\"MN\\",
      \\"name\\": \\"Mongolia\\",
      \\"slug\\": \\"mongolia\\",
    },
    Object {
      \\"countryType\\": \\"recipient\\",
      \\"hasPDF\\": true,
      \\"has_domestic_data\\": \\"1\\",
      \\"id\\": \\"ME\\",
      \\"name\\": \\"Montenegro\\",
      \\"slug\\": \\"montenegro\\",
    },
    Object {
      \\"countryType\\": \\"recipient\\",
      \\"hasPDF\\": true,
      \\"has_domestic_data\\": \\"\\",
      \\"id\\": \\"MS\\",
      \\"name\\": \\"Montserrat\\",
      \\"slug\\": \\"montserrat\\",
    },
    Object {
      \\"countryType\\": \\"recipient\\",
      \\"hasPDF\\": true,
      \\"has_domestic_data\\": \\"1\\",
      \\"id\\": \\"MA\\",
      \\"name\\": \\"Morocco\\",
      \\"slug\\": \\"morocco\\",
    },
    Object {
      \\"countryType\\": \\"recipient\\",
      \\"hasPDF\\": true,
      \\"has_domestic_data\\": \\"1\\",
      \\"id\\": \\"MZ\\",
      \\"name\\": \\"Mozambique\\",
      \\"slug\\": \\"mozambique\\",
    },
    Object {
      \\"countryType\\": \\"recipient\\",
      \\"hasPDF\\": true,
      \\"has_domestic_data\\": \\"1\\",
      \\"id\\": \\"MM\\",
      \\"name\\": \\"Myanmar\\",
      \\"slug\\": \\"myanmar\\",
    },
    Object {
      \\"countryType\\": \\"recipient\\",
      \\"hasPDF\\": true,
      \\"has_domestic_data\\": \\"1\\",
      \\"id\\": \\"NA\\",
      \\"name\\": \\"Namibia\\",
      \\"slug\\": \\"namibia\\",
    },
    Object {
      \\"countryType\\": \\"recipient\\",
      \\"hasPDF\\": true,
      \\"has_domestic_data\\": \\"\\",
      \\"id\\": \\"NR\\",
      \\"name\\": \\"Nauru\\",
      \\"slug\\": \\"nauru\\",
    },
    Object {
      \\"countryType\\": \\"recipient\\",
      \\"hasPDF\\": true,
      \\"has_domestic_data\\": \\"1\\",
      \\"id\\": \\"NP\\",
      \\"name\\": \\"Nepal\\",
      \\"slug\\": \\"nepal\\",
    },
    Object {
      \\"countryType\\": \\"donor\\",
      \\"hasPDF\\": true,
      \\"has_domestic_data\\": \\"\\",
      \\"id\\": \\"NL\\",
      \\"name\\": \\"Netherlands\\",
      \\"slug\\": \\"netherlands\\",
    },
    Object {
      \\"countryType\\": \\"donor\\",
      \\"hasPDF\\": true,
      \\"has_domestic_data\\": \\"\\",
      \\"id\\": \\"NZ\\",
      \\"name\\": \\"New Zealand\\",
      \\"slug\\": \\"new-zealand\\",
    },
    Object {
      \\"countryType\\": \\"recipient\\",
      \\"hasPDF\\": true,
      \\"has_domestic_data\\": \\"1\\",
      \\"id\\": \\"NI\\",
      \\"name\\": \\"Nicaragua\\",
      \\"slug\\": \\"nicaragua\\",
    },
    Object {
      \\"countryType\\": \\"recipient\\",
      \\"hasPDF\\": true,
      \\"has_domestic_data\\": \\"1\\",
      \\"id\\": \\"NE\\",
      \\"name\\": \\"Niger\\",
      \\"slug\\": \\"niger\\",
    },
    Object {
      \\"countryType\\": \\"recipient\\",
      \\"hasPDF\\": true,
      \\"has_domestic_data\\": \\"1\\",
      \\"id\\": \\"NG\\",
      \\"name\\": \\"Nigeria\\",
      \\"slug\\": \\"nigeria\\",
    },
    Object {
      \\"countryType\\": \\"recipient\\",
      \\"hasPDF\\": true,
      \\"has_domestic_data\\": \\"\\",
      \\"id\\": \\"NU\\",
      \\"name\\": \\"Niue\\",
      \\"slug\\": \\"niue\\",
    },
    Object {
      \\"countryType\\": \\"donor\\",
      \\"hasPDF\\": true,
      \\"has_domestic_data\\": \\"\\",
      \\"id\\": \\"NO\\",
      \\"name\\": \\"Norway\\",
      \\"slug\\": \\"norway\\",
    },
    Object {
      \\"countryType\\": \\"recipient\\",
      \\"hasPDF\\": true,
      \\"has_domestic_data\\": \\"\\",
      \\"id\\": \\"OM\\",
      \\"name\\": \\"Oman\\",
      \\"slug\\": \\"oman\\",
    },
    Object {
      \\"countryType\\": \\"recipient\\",
      \\"hasPDF\\": true,
      \\"has_domestic_data\\": \\"1\\",
      \\"id\\": \\"PK\\",
      \\"name\\": \\"Pakistan\\",
      \\"slug\\": \\"pakistan\\",
    },
    Object {
      \\"countryType\\": \\"recipient\\",
      \\"hasPDF\\": true,
      \\"has_domestic_data\\": \\"1\\",
      \\"id\\": \\"PW\\",
      \\"name\\": \\"Palau\\",
      \\"slug\\": \\"palau\\",
    },
    Object {
      \\"countryType\\": \\"recipient\\",
      \\"hasPDF\\": true,
      \\"has_domestic_data\\": \\"\\",
      \\"id\\": \\"PS\\",
      \\"name\\": \\"Palestine\\",
      \\"slug\\": \\"palestine\\",
    },
    Object {
      \\"countryType\\": \\"recipient\\",
      \\"hasPDF\\": true,
      \\"has_domestic_data\\": \\"1\\",
      \\"id\\": \\"PA\\",
      \\"name\\": \\"Panama\\",
      \\"slug\\": \\"panama\\",
    },
    Object {
      \\"countryType\\": \\"recipient\\",
      \\"hasPDF\\": true,
      \\"has_domestic_data\\": \\"1\\",
      \\"id\\": \\"PG\\",
      \\"name\\": \\"Papua New Guinea\\",
      \\"slug\\": \\"papua-new-guinea\\",
    },
    Object {
      \\"countryType\\": \\"recipient\\",
      \\"hasPDF\\": true,
      \\"has_domestic_data\\": \\"1\\",
      \\"id\\": \\"PY\\",
      \\"name\\": \\"Paraguay\\",
      \\"slug\\": \\"paraguay\\",
    },
    Object {
      \\"countryType\\": \\"recipient\\",
      \\"hasPDF\\": true,
      \\"has_domestic_data\\": \\"1\\",
      \\"id\\": \\"PE\\",
      \\"name\\": \\"Peru\\",
      \\"slug\\": \\"peru\\",
    },
    Object {
      \\"countryType\\": \\"recipient\\",
      \\"hasPDF\\": true,
      \\"has_domestic_data\\": \\"1\\",
      \\"id\\": \\"PH\\",
      \\"name\\": \\"Philippines\\",
      \\"slug\\": \\"philippines\\",
    },
    Object {
      \\"countryType\\": \\"donor\\",
      \\"hasPDF\\": true,
      \\"has_domestic_data\\": \\"\\",
      \\"id\\": \\"PL\\",
      \\"name\\": \\"Poland\\",
      \\"slug\\": \\"poland\\",
    },
    Object {
      \\"countryType\\": \\"donor\\",
      \\"hasPDF\\": true,
      \\"has_domestic_data\\": \\"\\",
      \\"id\\": \\"PT\\",
      \\"name\\": \\"Portugal\\",
      \\"slug\\": \\"portugal\\",
    },
    Object {
      \\"countryType\\": \\"donor\\",
      \\"hasPDF\\": false,
      \\"has_domestic_data\\": \\"\\",
      \\"id\\": \\"RO\\",
      \\"name\\": \\"Romania\\",
      \\"slug\\": \\"romania\\",
    },
    Object {
      \\"countryType\\": \\"donor\\",
      \\"hasPDF\\": false,
      \\"has_domestic_data\\": \\"\\",
      \\"id\\": \\"RU\\",
      \\"name\\": \\"Russian Federation\\",
      \\"slug\\": \\"russian-federation\\",
    },
    Object {
      \\"countryType\\": \\"recipient\\",
      \\"hasPDF\\": true,
      \\"has_domestic_data\\": \\"1\\",
      \\"id\\": \\"RW\\",
      \\"name\\": \\"Rwanda\\",
      \\"slug\\": \\"rwanda\\",
    },
    Object {
      \\"countryType\\": \\"recipient\\",
      \\"hasPDF\\": true,
      \\"has_domestic_data\\": \\"1\\",
      \\"id\\": \\"KN\\",
      \\"name\\": \\"Saint Kitts and Nevis\\",
      \\"slug\\": \\"saint-kitts-and-nevis\\",
    },
    Object {
      \\"countryType\\": \\"recipient\\",
      \\"hasPDF\\": true,
      \\"has_domestic_data\\": \\"1\\",
      \\"id\\": \\"LC\\",
      \\"name\\": \\"Saint Lucia\\",
      \\"slug\\": \\"saint-lucia\\",
    },
    Object {
      \\"countryType\\": \\"recipient\\",
      \\"hasPDF\\": true,
      \\"has_domestic_data\\": \\"1\\",
      \\"id\\": \\"VC\\",
      \\"name\\": \\"Saint Vincent & the Grenadines\\",
      \\"slug\\": \\"saint-vincent-and-the-grenadines\\",
    },
    Object {
      \\"countryType\\": \\"recipient\\",
      \\"hasPDF\\": true,
      \\"has_domestic_data\\": \\"1\\",
      \\"id\\": \\"WS\\",
      \\"name\\": \\"Samoa\\",
      \\"slug\\": \\"samoa\\",
    },
    Object {
      \\"countryType\\": \\"recipient\\",
      \\"hasPDF\\": true,
      \\"has_domestic_data\\": \\"1\\",
      \\"id\\": \\"ST\\",
      \\"name\\": \\"Sao Tome & Principe\\",
      \\"slug\\": \\"sao-tome-and-principe\\",
    },
    Object {
      \\"countryType\\": \\"donor\\",
      \\"hasPDF\\": false,
      \\"has_domestic_data\\": \\"\\",
      \\"id\\": \\"SA\\",
      \\"name\\": \\"Saudi Arabia\\",
      \\"slug\\": \\"saudi-arabia\\",
    },
    Object {
      \\"countryType\\": \\"recipient\\",
      \\"hasPDF\\": true,
      \\"has_domestic_data\\": \\"1\\",
      \\"id\\": \\"SN\\",
      \\"name\\": \\"Senegal\\",
      \\"slug\\": \\"senegal\\",
    },
    Object {
      \\"countryType\\": \\"recipient\\",
      \\"hasPDF\\": true,
      \\"has_domestic_data\\": \\"1\\",
      \\"id\\": \\"RS\\",
      \\"name\\": \\"Serbia\\",
      \\"slug\\": \\"serbia\\",
    },
    Object {
      \\"countryType\\": \\"recipient\\",
      \\"hasPDF\\": true,
      \\"has_domestic_data\\": \\"1\\",
      \\"id\\": \\"SC\\",
      \\"name\\": \\"Seychelles\\",
      \\"slug\\": \\"seychelles\\",
    },
    Object {
      \\"countryType\\": \\"recipient\\",
      \\"hasPDF\\": true,
      \\"has_domestic_data\\": \\"1\\",
      \\"id\\": \\"SL\\",
      \\"name\\": \\"Sierra Leone\\",
      \\"slug\\": \\"sierra-leone\\",
    },
    Object {
      \\"countryType\\": \\"donor\\",
      \\"hasPDF\\": true,
      \\"has_domestic_data\\": \\"\\",
      \\"id\\": \\"SK\\",
      \\"name\\": \\"Slovak Republic\\",
      \\"slug\\": \\"slovakia\\",
    },
    Object {
      \\"countryType\\": \\"donor\\",
      \\"hasPDF\\": true,
      \\"has_domestic_data\\": \\"\\",
      \\"id\\": \\"SI\\",
      \\"name\\": \\"Slovenia\\",
      \\"slug\\": \\"slovenia\\",
    },
    Object {
      \\"countryType\\": \\"recipient\\",
      \\"hasPDF\\": true,
      \\"has_domestic_data\\": \\"1\\",
      \\"id\\": \\"SB\\",
      \\"name\\": \\"Solomon Islands\\",
      \\"slug\\": \\"solomon-islands\\",
    },
    Object {
      \\"countryType\\": \\"recipient\\",
      \\"hasPDF\\": true,
      \\"has_domestic_data\\": \\"\\",
      \\"id\\": \\"SO\\",
      \\"name\\": \\"Somalia\\",
      \\"slug\\": \\"somalia\\",
    },
    Object {
      \\"countryType\\": \\"recipient\\",
      \\"hasPDF\\": true,
      \\"has_domestic_data\\": \\"1\\",
      \\"id\\": \\"ZA\\",
      \\"name\\": \\"South Africa\\",
      \\"slug\\": \\"south-africa\\",
    },
    Object {
      \\"countryType\\": \\"recipient\\",
      \\"hasPDF\\": true,
      \\"has_domestic_data\\": \\"1\\",
      \\"id\\": \\"SS\\",
      \\"name\\": \\"South Sudan\\",
      \\"slug\\": \\"south-sudan\\",
    },
    Object {
      \\"countryType\\": \\"donor\\",
      \\"hasPDF\\": true,
      \\"has_domestic_data\\": \\"\\",
      \\"id\\": \\"ES\\",
      \\"name\\": \\"Spain\\",
      \\"slug\\": \\"spain\\",
    },
    Object {
      \\"countryType\\": \\"recipient\\",
      \\"hasPDF\\": true,
      \\"has_domestic_data\\": \\"1\\",
      \\"id\\": \\"LK\\",
      \\"name\\": \\"Sri Lanka\\",
      \\"slug\\": \\"sri-lanka\\",
    },
    Object {
      \\"countryType\\": \\"recipient\\",
      \\"hasPDF\\": true,
      \\"has_domestic_data\\": \\"1\\",
      \\"id\\": \\"SD\\",
      \\"name\\": \\"Sudan\\",
      \\"slug\\": \\"sudan\\",
    },
    Object {
      \\"countryType\\": \\"recipient\\",
      \\"hasPDF\\": true,
      \\"has_domestic_data\\": \\"1\\",
      \\"id\\": \\"SR\\",
      \\"name\\": \\"Suriname\\",
      \\"slug\\": \\"suriname\\",
    },
    Object {
      \\"countryType\\": \\"recipient\\",
      \\"hasPDF\\": true,
      \\"has_domestic_data\\": \\"1\\",
      \\"id\\": \\"SZ\\",
      \\"name\\": \\"Swaziland\\",
      \\"slug\\": \\"swaziland\\",
    },
    Object {
      \\"countryType\\": \\"donor\\",
      \\"hasPDF\\": true,
      \\"has_domestic_data\\": \\"\\",
      \\"id\\": \\"SE\\",
      \\"name\\": \\"Sweden\\",
      \\"slug\\": \\"sweden\\",
    },
    Object {
      \\"countryType\\": \\"donor\\",
      \\"hasPDF\\": true,
      \\"has_domestic_data\\": \\"\\",
      \\"id\\": \\"CH\\",
      \\"name\\": \\"Switzerland\\",
      \\"slug\\": \\"switzerland\\",
    },
    Object {
      \\"countryType\\": \\"recipient\\",
      \\"hasPDF\\": true,
      \\"has_domestic_data\\": \\"\\",
      \\"id\\": \\"SY\\",
      \\"name\\": \\"Syria\\",
      \\"slug\\": \\"syria\\",
    },
    Object {
      \\"countryType\\": \\"donor\\",
      \\"hasPDF\\": false,
      \\"has_domestic_data\\": \\"\\",
      \\"id\\": \\"TW\\",
      \\"name\\": \\"Taiwan\\",
      \\"slug\\": \\"taiwan\\",
    },
    Object {
      \\"countryType\\": \\"recipient\\",
      \\"hasPDF\\": true,
      \\"has_domestic_data\\": \\"1\\",
      \\"id\\": \\"TJ\\",
      \\"name\\": \\"Tajikistan\\",
      \\"slug\\": \\"tajikistan\\",
    },
    Object {
      \\"countryType\\": \\"recipient\\",
      \\"hasPDF\\": true,
      \\"has_domestic_data\\": \\"1\\",
      \\"id\\": \\"TZ\\",
      \\"name\\": \\"Tanzania\\",
      \\"slug\\": \\"tanzania\\",
    },
    Object {
      \\"countryType\\": \\"crossover\\",
      \\"hasPDF\\": true,
      \\"has_domestic_data\\": \\"1\\",
      \\"id\\": \\"TH\\",
      \\"name\\": \\"Thailand\\",
      \\"slug\\": \\"thailand\\",
    },
    Object {
      \\"countryType\\": \\"crossover\\",
      \\"hasPDF\\": true,
      \\"has_domestic_data\\": \\"1\\",
      \\"id\\": \\"TL\\",
      \\"name\\": \\"Timor-Leste\\",
      \\"slug\\": \\"timor-leste\\",
    },
    Object {
      \\"countryType\\": \\"recipient\\",
      \\"hasPDF\\": true,
      \\"has_domestic_data\\": \\"1\\",
      \\"id\\": \\"TG\\",
      \\"name\\": \\"Togo\\",
      \\"slug\\": \\"togo\\",
    },
    Object {
      \\"countryType\\": \\"recipient\\",
      \\"hasPDF\\": true,
      \\"has_domestic_data\\": \\"\\",
      \\"id\\": \\"TK\\",
      \\"name\\": \\"Tokelau\\",
      \\"slug\\": \\"tokelau\\",
    },
    Object {
      \\"countryType\\": \\"recipient\\",
      \\"hasPDF\\": true,
      \\"has_domestic_data\\": \\"1\\",
      \\"id\\": \\"TO\\",
      \\"name\\": \\"Tonga\\",
      \\"slug\\": \\"tonga\\",
    },
    Object {
      \\"countryType\\": \\"recipient\\",
      \\"hasPDF\\": true,
      \\"has_domestic_data\\": \\"\\",
      \\"id\\": \\"TT\\",
      \\"name\\": \\"Trinidad & Tobago\\",
      \\"slug\\": \\"trinidad-and-tobago\\",
    },
    Object {
      \\"countryType\\": \\"recipient\\",
      \\"hasPDF\\": true,
      \\"has_domestic_data\\": \\"1\\",
      \\"id\\": \\"TN\\",
      \\"name\\": \\"Tunisia\\",
      \\"slug\\": \\"tunisia\\",
    },
    Object {
      \\"countryType\\": \\"crossover\\",
      \\"hasPDF\\": true,
      \\"has_domestic_data\\": \\"1\\",
      \\"id\\": \\"TR\\",
      \\"name\\": \\"Turkey\\",
      \\"slug\\": \\"turkey\\",
    },
    Object {
      \\"countryType\\": \\"recipient\\",
      \\"hasPDF\\": true,
      \\"has_domestic_data\\": \\"\\",
      \\"id\\": \\"TM\\",
      \\"name\\": \\"Turkmenistan\\",
      \\"slug\\": \\"turkmenistan\\",
    },
    Object {
      \\"countryType\\": \\"recipient\\",
      \\"hasPDF\\": true,
      \\"has_domestic_data\\": \\"\\",
      \\"id\\": \\"TC\\",
      \\"name\\": \\"Turks & Caicos Islands\\",
      \\"slug\\": \\"turks-and-caicos-islands\\",
    },
    Object {
      \\"countryType\\": \\"recipient\\",
      \\"hasPDF\\": true,
      \\"has_domestic_data\\": \\"1\\",
      \\"id\\": \\"TV\\",
      \\"name\\": \\"Tuvalu\\",
      \\"slug\\": \\"tuvalu\\",
    },
    Object {
      \\"countryType\\": \\"recipient\\",
      \\"hasPDF\\": true,
      \\"has_domestic_data\\": \\"1\\",
      \\"id\\": \\"UG\\",
      \\"name\\": \\"Uganda\\",
      \\"slug\\": \\"uganda\\",
    },
    Object {
      \\"countryType\\": \\"donor\\",
      \\"hasPDF\\": true,
      \\"has_domestic_data\\": \\"\\",
      \\"id\\": \\"GB\\",
      \\"name\\": \\"United Kingdom\\",
      \\"slug\\": \\"united-kingdom\\",
    },
    Object {
      \\"countryType\\": \\"recipient\\",
      \\"hasPDF\\": true,
      \\"has_domestic_data\\": \\"1\\",
      \\"id\\": \\"UA\\",
      \\"name\\": \\"Ukraine\\",
      \\"slug\\": \\"ukraine\\",
    },
    Object {
      \\"countryType\\": \\"donor\\",
      \\"hasPDF\\": false,
      \\"has_domestic_data\\": \\"\\",
      \\"id\\": \\"AE\\",
      \\"name\\": \\"UAE\\",
      \\"slug\\": \\"uae\\",
    },
    Object {
      \\"countryType\\": \\"donor\\",
      \\"hasPDF\\": true,
      \\"has_domestic_data\\": \\"\\",
      \\"id\\": \\"US\\",
      \\"name\\": \\"United States\\",
      \\"slug\\": \\"usa\\",
    },
    Object {
      \\"countryType\\": \\"recipient\\",
      \\"hasPDF\\": true,
      \\"has_domestic_data\\": \\"1\\",
      \\"id\\": \\"UY\\",
      \\"name\\": \\"Uruguay\\",
      \\"slug\\": \\"uruguay\\",
    },
    Object {
      \\"countryType\\": \\"recipient\\",
      \\"hasPDF\\": true,
      \\"has_domestic_data\\": \\"1\\",
      \\"id\\": \\"UZ\\",
      \\"name\\": \\"Uzbekistan\\",
      \\"slug\\": \\"uzbekistan\\",
    },
    Object {
      \\"countryType\\": \\"recipient\\",
      \\"hasPDF\\": true,
      \\"has_domestic_data\\": \\"1\\",
      \\"id\\": \\"VU\\",
      \\"name\\": \\"Vanuatu\\",
      \\"slug\\": \\"vanuatu\\",
    },
    Object {
      \\"countryType\\": \\"recipient\\",
      \\"hasPDF\\": true,
      \\"has_domestic_data\\": \\"\\",
      \\"id\\": \\"VE\\",
      \\"name\\": \\"Venezuela\\",
      \\"slug\\": \\"venezuela\\",
    },
    Object {
      \\"countryType\\": \\"recipient\\",
      \\"hasPDF\\": true,
      \\"has_domestic_data\\": \\"1\\",
      \\"id\\": \\"VN\\",
      \\"name\\": \\"Viet Nam\\",
      \\"slug\\": \\"viet-nam\\",
    },
    Object {
      \\"countryType\\": \\"recipient\\",
      \\"hasPDF\\": true,
      \\"has_domestic_data\\": \\"\\",
      \\"id\\": \\"WF\\",
      \\"name\\": \\"Wallis & Futuna\\",
      \\"slug\\": \\"wallis-and-futuna\\",
    },
    Object {
      \\"countryType\\": \\"\\",
      \\"hasPDF\\": true,
      \\"has_domestic_data\\": \\"\\",
      \\"id\\": \\"EH\\",
      \\"name\\": \\"Western Sahara\\",
      \\"slug\\": \\"western-sahara\\",
    },
    Object {
      \\"countryType\\": \\"recipient\\",
      \\"hasPDF\\": true,
      \\"has_domestic_data\\": \\"1\\",
      \\"id\\": \\"YE\\",
      \\"name\\": \\"Yemen\\",
      \\"slug\\": \\"yemen\\",
    },
    Object {
      \\"countryType\\": \\"recipient\\",
      \\"hasPDF\\": true,
      \\"has_domestic_data\\": \\"1\\",
      \\"id\\": \\"ZM\\",
      \\"name\\": \\"Zambia\\",
      \\"slug\\": \\"zambia\\",
    },
    Object {
      \\"countryType\\": \\"recipient\\",
      \\"hasPDF\\": true,
      \\"has_domestic_data\\": \\"1\\",
      \\"id\\": \\"ZW\\",
      \\"name\\": \\"Zimbabwe\\",
      \\"slug\\": \\"zimbabwe\\",
    },
  ],
}"
`;
